// Jest Snapshot v1, https://goo.gl/fbAQLP

exports[`should match with snapshot 1`] = `
<View
  accessible={true}
  collapsable={false}
  focusable={true}
  onBlur={[Function]}
  onClick={[Function]}
  onFocus={[Function]}
  onResponderGrant={[Function]}
  onResponderMove={[Function]}
  onResponderRelease={[Function]}
  onResponderTerminate={[Function]}
  onResponderTerminationRequest={[Function]}
  onStartShouldSetResponder={[Function]}
  style={
    Array [
      Object {
        "backgroundColor": "#19A0E0",
        "paddingBottom": 8,
        "paddingLeft": 16,
        "paddingRight": 16,
        "paddingTop": 8,
      },
    ]
  }
>
  <View
    style={
      Array [
        Object {
          "backgroundColor": "#fff",
          "borderRadius": 4,
          "paddingLeft": 8,
          "paddingRight": 8,
        },
      ]
    }
  >
    <TextInput
      allowFontScaling={true}
      editable={false}
      placeholder="Search items, destinations..."
      rejectResponderTermination={true}
      style={
        Array [
          Object {
            "fontSize": 12,
            "height": 36,
          },
        ]
      }
      underlineColorAndroid="transparent"
    />
  </View>
</View>
`;
